X100001022
X100001293
X100001481
X1137
X1489
X1648
X798
X999924663
X999924712
