X100000787
X100001162
X100001501
X100002568
X100015863
X1053
X240
X999917335
X999924669
X999924674
X999924675
